[2026-06-04T12:37:07.215Z] GET https://www.meta.com/en-gb/experiences/patchworld-build-worlds-music-games/3715150718552632/ → 301 (304ms, ?B)
[2026-06-04T12:37:07.520Z] GET https://www.meta.com/en-gb/experiences/3715150718552632/ → pending (?ms, ?B)
[2026-06-04T12:37:08.927Z] GET https://static.xx.fbcdn.net/rsrc.php/y9/r/tL_v571NdZ0.svg → 200 (47ms, 12066B)
[2026-06-04T12:37:08.927Z] GET https://static.xx.fbcdn.net/rsrc.php/yQ/r/-pkMfchyeAZ.woff2 → 200 (107ms, 183220B)
[2026-06-04T12:37:08.927Z] GET https://scontent-mxp2-1.oculuscdn.com/v/t64.5771-25/499295566_2426350837829178_7535403630293344096_n.webp?stp=dst-webp_s1440x1440&_nc_cat=101&ccb=1-7&_nc_sid=6e7a0a&_nc_ohc=JAK4W1fhjfUQ7kNvwGJD95n&_nc_oc=Adrt-TLB94ZyaHb5z_zlOJKvFM3MFHcEy7VxqHM5_bmUx1MbbAHkBFZ5Y6G3gfd3EKTSQIL4adkubYTDezG4v66x&_nc_zt=3&_nc_ht=scontent-mxp2-1.oculuscdn.com&_nc_ss=7f289&oh=00_Af9b8PpE56vAlrFz_zO1fgCnXOyPQT5aNY3ynXfYsr8Pmw&oe=6A273168 → 200 (74ms, 101446B)
[2026-06-04T12:37:08.927Z] GET https://static.xx.fbcdn.net/rsrc.php/v5/y5/l/0,cross/15S1IOBsSMChigJ1HB0T4tSTL4Yll5wD-oCAwynRzJRZT0lNyXZApVsbCt48y1Dwr_wCZAw84p7ajfgQe914iiBfONMKn3YhINqU49pVNahkCkFP8srPUTTtQ.css → 200 (68ms, 1859247B)
[2026-06-04T12:37:08.927Z] GET https://static.xx.fbcdn.net/rsrc.php/v4/yA/r/llpHPzBZ1ZW.js → 200 (107ms, 291252B)
[2026-06-04T12:37:08.927Z] GET https://static.xx.fbcdn.net/rsrc.php/v4igvc4/y9/l/en_GB-j/4PKTmNhuaZcCKCX2vs_z7pQUfc6hJiYEW7hbHSChezz8ZmzIG_CxJlfRzjWzVv5bm_CTdm8uLqM6_mshxjP2JvLzfUsR90-oXNNzt8E_rrAQ_sgXdYivvCwsHOmeLNJvaWRuAtbn_XfY3P34c3skC5WuNFQYnPSb3HS5e2DgHEJrYbr0ZWiHIFYGAXYDJTdgy0Vf0mIHOQxdXVwym3fYYnTXugR9qbk0zbbKn8q1RlhCfOs4zTSgcq7oZ7ZvUxSBjSTloZc6XJ68lmuUnhH4jOR6kAFjWyMpQrGueabXBBtAwGYeL0gcrKplGKg4lwkP1HIUYBqZ4h.js → 200 (132ms, 1048368B)
[2026-06-04T12:37:08.928Z] GET https://static.xx.fbcdn.net/rsrc.php/v4/yR/r/IXT55s2lCvU.js → 200 (111ms, 608553B)
[2026-06-04T12:37:08.928Z] GET https://static.xx.fbcdn.net/rsrc.php/v4id_j4/yi/l/en_GB-j/-DwpmuaN58S6qlE6k-0Y3m-qER15DadLMBMGsmZP-zwIyOOaSsb-n1aymO__mt6pBt.js → 200 (161ms, 2486343B)
[2026-06-04T12:37:08.928Z] GET https://static.xx.fbcdn.net/rsrc.php/v4ii_D4/yV/l/en_GB-j/V4Qy82AvFF77xGdEjU_UlaOXAQrnxx3hQCtoW1poV28xgG_kCmXcB2qU9Wp4EcENEnziMbuL0YSuj.js → 200 (91ms, 202294B)
[2026-06-04T12:37:08.928Z] GET https://static.xx.fbcdn.net/rsrc.php/v4i4Um4/y-/l/en_GB-j/PhSU6E75zxi.js → 200 (108ms, 342799B)
[2026-06-04T12:37:08.928Z] GET https://static.xx.fbcdn.net/rsrc.php/v4iSWd4/yP/l/en_GB-j/zATyNMkr4KC.js → 200 (92ms, 319052B)
[2026-06-04T12:37:08.928Z] GET https://static.xx.fbcdn.net/rsrc.php/v4if0y4/yX/l/en_GB-j/w7LHW817OTC.js → 200 (95ms, 234031B)
[2026-06-04T12:37:08.928Z] GET https://static.xx.fbcdn.net/rsrc.php/v4i9XY4/ys/l/en_GB-j/zhQK90CqJUC.js → 200 (83ms, 130525B)
[2026-06-04T12:37:08.999Z] GET https://static.xx.fbcdn.net/rsrc.php/v5/yl/l/0,cross/ATZSjIEF3ZV.css → 200 (19ms, 372B)
[2026-06-04T12:37:08.999Z] GET https://static.xx.fbcdn.net/rsrc.php/v4iXyX4/yP/l/en_GB-j/XCooc9ZAmLh.js → 200 (25ms, 69039B)
[2026-06-04T12:37:08.999Z] GET https://static.xx.fbcdn.net/rsrc.php/v4iTHk4/y8/l/en_GB-j/CYpJ4yNZ7z1.js → 200 (23ms, 35879B)
[2026-06-04T12:37:09.137Z] POST https://www.meta.com/ajax/bulk-route-definitions/ → 200 (331ms, 19521B)
[2026-06-04T12:37:09.690Z] GET https://static.xx.fbcdn.net/rsrc.php/v4/yy/r/ZiNbWq6RKF8.js → 200 (11ms, 45140B)
[2026-06-04T12:37:09.690Z] GET https://static.xx.fbcdn.net/rsrc.php/v4iIKr4/yH/l/en_GB-j/vRfT0ZgtxSN.js → 200 (11ms, 31666B)
[2026-06-04T12:37:09.690Z] GET https://static.xx.fbcdn.net/rsrc.php/v4iLfd4/ym/l/en_GB-j/wq2kPBRZaCt.js → 200 (21ms, 267386B)
[2026-06-04T12:37:10.020Z] GET https://static.xx.fbcdn.net/rsrc.php/y3/r/y6QsbGgc866.svg → 200 (1ms, 11895B)
[2026-06-04T12:37:10.020Z] GET https://scontent-mxp2-1.oculuscdn.com/v/t64.5771-25/499295566_2426350837829178_7535403630293344096_n.webp?stp=dst-webp_s720x720&_nc_cat=101&ccb=1-7&_nc_sid=6e7a0a&_nc_ohc=JAK4W1fhjfUQ7kNvwGJD95n&_nc_oc=Adrt-TLB94ZyaHb5z_zlOJKvFM3MFHcEy7VxqHM5_bmUx1MbbAHkBFZ5Y6G3gfd3EKTSQIL4adkubYTDezG4v66x&_nc_zt=3&_nc_ht=scontent-mxp2-1.oculuscdn.com&_nc_ss=7f20f&oh=00_Af8zL1LKoD2w2kB2yphvQo1IOQsEcbtK3c4y9SNLcCLZEQ&oe=6A273168 → 200 (34ms, 47150B)
[2026-06-04T12:37:10.054Z] GET https://static.xx.fbcdn.net/rsrc.php/yH/r/c_1vdG88uNh.woff2 → 200 (11ms, 11016B)
[2026-06-04T12:37:10.058Z] GET https://scontent-mxp2-1.oculuscdn.com/v/t64.5771-25/12427469_1607110109595639_1541227092656521216_n.webp?stp=dst-webp&_nc_cat=101&ccb=1-7&_nc_sid=6e7a0a&_nc_ohc=i8y0GCQr0p0Q7kNvwHfVogS&_nc_oc=AdrU2e1XA--TNdV5_B1c8TRXYOuG6-nAeg-LHfWw3OQqtkpxqvwuSukt12BA5syJvAPGd27DvT0TrMNg2fhwlq2v&_nc_zt=3&_nc_ht=scontent-mxp2-1.oculuscdn.com&_nc_ss=7f20f&oh=00_Af_adprT0hcY3xeBk0YZ5W1fu5trEdUdlRLpRVOJvfd4dA&oe=6A2756F2 → 200 (16ms, 626B)
[2026-06-04T12:37:10.058Z] GET https://scontent-mxp2-1.oculuscdn.com/v/t64.5771-25/499295566_2426350837829178_7535403630293344096_n.webp?stp=dst-webp_s144x144&_nc_cat=101&ccb=1-7&_nc_sid=6e7a0a&_nc_ohc=JAK4W1fhjfUQ7kNvwGJD95n&_nc_oc=Adrt-TLB94ZyaHb5z_zlOJKvFM3MFHcEy7VxqHM5_bmUx1MbbAHkBFZ5Y6G3gfd3EKTSQIL4adkubYTDezG4v66x&_nc_zt=3&_nc_ht=scontent-mxp2-1.oculuscdn.com&_nc_ss=7f20f&oh=00_Af9oBQL3a_9DksxjTTlECrdsPkOBmvnMg4kbN17ZYlJ0kg&oe=6A273168 → 200 (271ms, 4376B)
[2026-06-04T12:37:10.058Z] GET https://scontent-mxp2-1.oculuscdn.com/v/t64.5771-25/491823310_1312266883723807_6087850697972798568_n.webp?stp=dst-webp_s144x144&_nc_cat=111&ccb=1-7&_nc_sid=6e7a0a&_nc_ohc=pWdEoOelSy4Q7kNvwEve6ac&_nc_oc=Adq7e9DlTQOm_p2CbKeXIEpah1x1WT6FWI-L5p5mDzQPtjUCDKvnpPxsbGLk3vcuyU_pIy3FwpKYe5b9ZoyUT3Wc&_nc_zt=3&_nc_ht=scontent-mxp2-1.oculuscdn.com&_nc_ss=7f20f&oh=00_Af-g4-f5RQklu4ykHzSqt5S7Bb4gZCtUX0_o0p5DqeVzXQ&oe=6A275F40 → 200 (271ms, 3878B)
[2026-06-04T12:37:10.058Z] GET https://scontent-mxp2-1.oculuscdn.com/v/t64.5771-25/499310726_1489325109402392_1567108436259977901_n.webp?stp=dst-webp_s144x144&_nc_cat=105&ccb=1-7&_nc_sid=6e7a0a&_nc_ohc=bU7hGmjIPdIQ7kNvwEIEO9m&_nc_oc=Adp-IXmA4-kDV1aKNxKYsdsRIU554GS7eGnsAZezwv4m1WcxdN9-3eMIYKAtB8L1p7830cRXQivcny2LaJj0c3-_&_nc_zt=3&_nc_ht=scontent-mxp2-1.oculuscdn.com&_nc_ss=7f20f&oh=00_Af_t42kKGQYFmpDl5Bo6mXvSS-uRyTufXyBXeeuzv2ISZg&oe=6A2736A2 → 200 (271ms, 3394B)
[2026-06-04T12:37:10.058Z] GET https://scontent-mxp1-1.oculuscdn.com/v/t64.5771-25/499296397_2155535264986462_387067025959720582_n.webp?stp=dst-webp_s144x144&_nc_cat=102&ccb=1-7&_nc_sid=6e7a0a&_nc_ohc=kDHL9gwaxDoQ7kNvwFfHc2D&_nc_oc=Adpwzpz6vu9lUydgnrSHW9faXK2zlmAwJapZrWO2wO1cjhE5cfvi5yijbPouu7df0_Y9tDgNHl6mrmTBaUaUK0rS&_nc_zt=3&_nc_ht=scontent-mxp1-1.oculuscdn.com&_nc_ss=7f20f&oh=00_Af-sZaZozUjxrkiXqcUwX3NdUzF5blI2jl3Ew_pCPrtp5w&oe=6A274D20 → 200 (271ms, 3520B)
[2026-06-04T12:37:10.058Z] GET https://scontent-mxp1-1.oculuscdn.com/v/t64.5771-25/491824292_982191737545077_4603251109892928218_n.webp?stp=dst-webp_s144x144&_nc_cat=103&ccb=1-7&_nc_sid=6e7a0a&_nc_ohc=zfUqN8znbWEQ7kNvwG6Osf8&_nc_oc=Adp88ME5ZAPqfh4UmeGYCVzMNmdWfdVEJiNMbHp2FvE0ENssWHG16Ixd--YLHdXOkle1RboSV-1zASq7U6jKlH4P&_nc_zt=3&_nc_ht=scontent-mxp1-1.oculuscdn.com&_nc_ss=7f20f&oh=00_Af_EhhBU6vaeJ4M9LZHc1WVnL4Wejs1J633hHpSK7FQSSw&oe=6A272C4E → 200 (271ms, 5366B)
[2026-06-04T12:37:10.058Z] GET https://scontent-mxp1-1.oculuscdn.com/v/t64.5771-25/491819323_1628096921575954_3064494538884712684_n.webp?stp=dst-webp_s144x144&_nc_cat=102&ccb=1-7&_nc_sid=6e7a0a&_nc_ohc=-dpfwEY7iakQ7kNvwFVKAuR&_nc_oc=AdoI6G_ZN2NM6Ggd8rBtMhYhE7h0kIopPRImeWm_jl-tqSCIKlHRWrA6kQz-VYIpzFhZ5qY8yLXx5VskAaPIPDSi&_nc_zt=3&_nc_ht=scontent-mxp1-1.oculuscdn.com&_nc_ss=7f20f&oh=00_Af-RQNSkbSH-h-f_bWPWJrbKH_hGbF0w95dP8hWoh-docA&oe=6A2737CA → 200 (271ms, 2732B)
[2026-06-04T12:37:10.328Z] GET https://static.xx.fbcdn.net/rsrc.php/yt/r/FootC1zJRE9.webp → 200 (?ms, 52882B)
[2026-06-04T12:37:10.328Z] GET https://scontent-mxp2-1.oculuscdn.com/v/t64.5771-25/491823310_1312266883723807_6087850697972798568_n.webp?stp=dst-webp_s1440x1440&_nc_cat=111&ccb=1-7&_nc_sid=6e7a0a&_nc_ohc=pWdEoOelSy4Q7kNvwEve6ac&_nc_oc=Adq7e9DlTQOm_p2CbKeXIEpah1x1WT6FWI-L5p5mDzQPtjUCDKvnpPxsbGLk3vcuyU_pIy3FwpKYe5b9ZoyUT3Wc&_nc_zt=3&_nc_ht=scontent-mxp2-1.oculuscdn.com&_nc_ss=7f20f&oh=00_Af9-uRzEDm_W1rOCikDjLZFgSbXtF08KvDHbs_96xEDg4A&oe=6A275F40 → 200 (71ms, 74172B)
[2026-06-04T12:37:10.337Z] GET https://scontent-mxp2-1.oculuscdn.com/v/t64.5771-25/499310726_1489325109402392_1567108436259977901_n.webp?stp=dst-webp_s1440x1440&_nc_cat=105&ccb=1-7&_nc_sid=6e7a0a&_nc_ohc=bU7hGmjIPdIQ7kNvwEIEO9m&_nc_oc=Adp-IXmA4-kDV1aKNxKYsdsRIU554GS7eGnsAZezwv4m1WcxdN9-3eMIYKAtB8L1p7830cRXQivcny2LaJj0c3-_&_nc_zt=3&_nc_ht=scontent-mxp2-1.oculuscdn.com&_nc_ss=7f20f&oh=00_Af-gKTbj9sOPymJzrJm2P3p5i_fzzSWCS-GqwK8zJOf-BA&oe=6A2736A2 → 200 (242ms, 84456B)
[2026-06-04T12:37:10.337Z] GET https://scontent-mxp2-1.oculuscdn.com/v/t64.5771-25/499296125_1307996884844443_2860969224939930754_n.webp?stp=dst-webp&_nc_cat=101&ccb=1-7&_nc_sid=6e7a0a&_nc_ohc=Z2gPMjNpcEwQ7kNvwFJTAuA&_nc_oc=AdrqjMgUkkZo5WGQ0Q758uyveb5uhpJeND9eZHUYVYawjtVFhmPZHlyNkZ54ld-V4lzFEZPLqzNCgm-J-QROqIX8&_nc_zt=3&_nc_ht=scontent-mxp2-1.oculuscdn.com&_nc_ss=7f20f&oh=00_Af9OamAJ8ukuldMp1dZCIdcOsNMTW0irJp7HAEEiqyZZ7g&oe=6A274B30 → 200 (84ms, 189780B)
[2026-06-04T12:37:10.338Z] GET https://scontent-mxp2-1.oculuscdn.com/v/t64.5771-25/499618069_823700237019257_3679015432674893077_n.webp?stp=dst-webp&_nc_cat=110&ccb=1-7&_nc_sid=6e7a0a&_nc_ohc=jI6GsSbUCkwQ7kNvwFQSMq-&_nc_oc=Adpslco_HpI9DmmGVZ5Mi9eP5CtLdUFvmqRAyBWzyr1IbMqVOfdUnT2CezjRkSR8d85mrlIzsyZN_IzNZhGHp2Z0&_nc_zt=3&_nc_ht=scontent-mxp2-1.oculuscdn.com&_nc_ss=7f20f&oh=00_Af9W4Uaj6dd9eoXoDPRr_LmoVwg-bvbpqhZKl0MbSPJpHg&oe=6A2744F0 → pending (?ms, ?B)
[2026-06-04T12:37:10.339Z] GET https://scontent-mxp2-1.oculuscdn.com/v/t64.7195-25/499623565_978023678351914_2122598471061504830_n.mp4?_nc_cat=109&ccb=1-7&_nc_sid=b20b63&_nc_ohc=azh1O6IDfHsQ7kNvwGPW1eJ&_nc_oc=Adr1Gcq1O7TM7oWU5ulN7HyDA_8D0sZDCCvj_TADssF3rNl-a_J2u7mUlEXtB2kPXP9G4bk8jKOmeNdCtgiSqBoc&_nc_zt=28&_nc_ht=scontent-mxp2-1.oculuscdn.com&_nc_gid=Pe2sntUnZE6M34hNpdNjWg&_nc_ss=7f20f&oh=00_Af-z5Thr5V7oasJXq9zrDjrZ-WG3QBYoSftpWz-ZJBV2og&oe=6A272901 → 206 (82ms, ?B)
[2026-06-04T12:37:10.339Z] GET https://scontent-mxp2-1.oculuscdn.com/v/t64.7195-25/491822845_986666510496260_7095169034592922896_n.mp4?_nc_cat=104&ccb=1-7&_nc_sid=b20b63&_nc_ohc=uYuUbkRrZGoQ7kNvwE-Uddy&_nc_oc=AdpXaG0Y56DpbMyCzCfGzpStGYEpAKFz3ik6SGNFN4U_ntdi9gtkDyiTsl8D045eTlAFjDcAmV8vmqukkR2QsCVY&_nc_zt=28&_nc_ht=scontent-mxp2-1.oculuscdn.com&_nc_gid=Pe2sntUnZE6M34hNpdNjWg&_nc_ss=7f20f&oh=00_Af__JxKUd_GNfqJwljLGQdIIwP_jBEpM1ZWafuDdKTmK0g&oe=6A273801 → 206 (109ms, ?B)
[2026-06-04T12:37:10.339Z] GET https://scontent-mxp2-1.oculuscdn.com/v/t64.7195-25/499620599_949859417878743_9076793008591264492_n.mp4?_nc_cat=105&ccb=1-7&_nc_sid=b20b63&_nc_ohc=K8_YVAAr2REQ7kNvwGvPohw&_nc_oc=Ado81f_8xV9XfCI9H1uRLgvtZBvmmcM7-tFluarA1qVMe3mNG8gulQ1sMTY-gQPlvLphNblXhOQyyZuHYSlWUeHJ&_nc_zt=28&_nc_ht=scontent-mxp2-1.oculuscdn.com&_nc_gid=Pe2sntUnZE6M34hNpdNjWg&_nc_ss=7f20f&oh=00_Af-4Vi3Vr2Wm-6POcSMus6R83EnjxILE09HaDPI4Wh9Ufg&oe=6A275B23 → 206 (109ms, ?B)
[2026-06-04T12:37:10.339Z] GET https://scontent-mxp2-1.oculuscdn.com/v/t64.7195-25/593868733_1002927862525740_6182275191205308182_n.mp4?_nc_cat=104&ccb=1-7&_nc_sid=b20b63&_nc_ohc=RCJf9SqgbmMQ7kNvwGfnjxg&_nc_oc=AdrdmF4SvIYFJaMKx6xU8kIFgmnhB2WurxHySW5KdjM8Cgri-yfpya7QepR-UwNqN0uXSSkcJlyryRknWx5L74CZ&_nc_zt=28&_nc_ht=scontent-mxp2-1.oculuscdn.com&_nc_gid=Pe2sntUnZE6M34hNpdNjWg&_nc_ss=7f20f&oh=00_Af97xlVwDqwkci2N2FAwiQ4_9hhuDvp1HISE-BFRzw6OiQ&oe=6A272A15 → 206 (123ms, ?B)
[2026-06-04T12:37:10.339Z] GET https://scontent-mxp2-1.oculuscdn.com/v/t64.7195-25/499308103_3397116670427081_6813282884508721100_n.mp4?_nc_cat=110&ccb=1-7&_nc_sid=b20b63&_nc_ohc=a_ZSWIFVoxMQ7kNvwHrlQYG&_nc_oc=AdrbFSHp3dGieBB7_XEgedaqNfEcFbYiYyd7sKP8l4k6RPdFr-mLaQzjsH23rPHUAmFZIXSycixoSfzhrgiqpLRv&_nc_zt=28&_nc_ht=scontent-mxp2-1.oculuscdn.com&_nc_gid=Pe2sntUnZE6M34hNpdNjWg&_nc_ss=7f20f&oh=00_Af80NcL6CHNBjvM-288kcf6-A4--YEfPTPYTW9Z4jbI8fQ&oe=6A274B0A → 206 (106ms, ?B)
[2026-06-04T12:37:10.340Z] GET https://scontent-mxp1-1.oculuscdn.com/v/t64.7195-25/499312068_2042020866751213_491934563077069775_n.mp4?_nc_cat=107&ccb=1-7&_nc_sid=b20b63&_nc_ohc=mYQU6OtLm4UQ7kNvwE3B4vk&_nc_oc=AdqFEIj1ADPovGHc08X7gyqA1gb8xk4uREClhq_UjnMM8G1j7x4yF-e_tM7Md7Fzq5ID46sdGd2ldC-nE3rP0q-s&_nc_zt=28&_nc_ht=scontent-mxp1-1.oculuscdn.com&_nc_gid=Pe2sntUnZE6M34hNpdNjWg&_nc_ss=7f20f&oh=00_Af9CO0IbQpPMRshRdH7ifuREvZ7qRsDpCo1Y68Wo5W19Uw&oe=6A273E50 → 206 (284ms, ?B)
[2026-06-04T12:37:10.340Z] GET https://scontent-mxp2-1.oculuscdn.com/v/t64.7195-25/499314648_4760472087541310_4281432759762334569_n.mp4?_nc_cat=104&ccb=1-7&_nc_sid=b20b63&_nc_ohc=0zCX-xkJK0sQ7kNvwF9ySPG&_nc_oc=Adq0nSOCLc0F0Y2c1lILEXBI2Pao-jbtU7ehl7fRvvbaVVsD02Llea7WmdU4PKB_8R815cwOyCLhZjspbLr-3fV6&_nc_zt=28&_nc_ht=scontent-mxp2-1.oculuscdn.com&_nc_gid=Pe2sntUnZE6M34hNpdNjWg&_nc_ss=7f20f&oh=00_Af8TAgU_KnDm1bTtHmNnFlyyHBm9155IJbAWPH_tRNkHJw&oe=6A273B0D → 206 (171ms, ?B)
[2026-06-04T12:37:10.340Z] GET https://scontent-mxp1-1.oculuscdn.com/v/t64.7195-25/507883434_1017237127660630_1425881733152456226_n.mp4?_nc_cat=102&ccb=1-7&_nc_sid=b20b63&_nc_ohc=T7NMQNMB7_8Q7kNvwGvsyOE&_nc_oc=AdrZP9k-GgT_fwY-D9YVea_Wtq9GOpwRYFjWz7PqJ-X-Hgkd8b9_fnHR94xDudI5YutU5fCc9_MokqOPLGUsmGEO&_nc_zt=28&_nc_ht=scontent-mxp1-1.oculuscdn.com&_nc_gid=Pe2sntUnZE6M34hNpdNjWg&_nc_ss=7f20f&oh=00_Af9lf4ETKC7B_4jgbExiHsLW6TpAhy-8rPfgpZAwh5WOUQ&oe=6A275D06 → 206 (108ms, ?B)
[2026-06-04T12:37:10.340Z] GET https://scontent-mxp2-1.oculuscdn.com/v/t64.7195-25/499623565_978023678351914_2122598471061504830_n.mp4?_nc_cat=109&ccb=1-7&_nc_sid=b20b63&_nc_ohc=azh1O6IDfHsQ7kNvwGPW1eJ&_nc_oc=Adr1Gcq1O7TM7oWU5ulN7HyDA_8D0sZDCCvj_TADssF3rNl-a_J2u7mUlEXtB2kPXP9G4bk8jKOmeNdCtgiSqBoc&_nc_zt=28&_nc_ht=scontent-mxp2-1.oculuscdn.com&_nc_gid=Pe2sntUnZE6M34hNpdNjWg&_nc_ss=7f20f&oh=00_Af-z5Thr5V7oasJXq9zrDjrZ-WG3QBYoSftpWz-ZJBV2og&oe=6A272901 → 206 (75ms, ?B)
[2026-06-04T12:37:10.340Z] GET https://scontent-mxp2-1.oculuscdn.com/v/t64.7195-25/491822845_986666510496260_7095169034592922896_n.mp4?_nc_cat=104&ccb=1-7&_nc_sid=b20b63&_nc_ohc=uYuUbkRrZGoQ7kNvwE-Uddy&_nc_oc=AdpXaG0Y56DpbMyCzCfGzpStGYEpAKFz3ik6SGNFN4U_ntdi9gtkDyiTsl8D045eTlAFjDcAmV8vmqukkR2QsCVY&_nc_zt=28&_nc_ht=scontent-mxp2-1.oculuscdn.com&_nc_gid=Pe2sntUnZE6M34hNpdNjWg&_nc_ss=7f20f&oh=00_Af__JxKUd_GNfqJwljLGQdIIwP_jBEpM1ZWafuDdKTmK0g&oe=6A273801 → 206 (89ms, ?B)
[2026-06-04T12:37:10.340Z] GET https://scontent-mxp2-1.oculuscdn.com/v/t64.7195-25/499620599_949859417878743_9076793008591264492_n.mp4?_nc_cat=105&ccb=1-7&_nc_sid=b20b63&_nc_ohc=K8_YVAAr2REQ7kNvwGvPohw&_nc_oc=Ado81f_8xV9XfCI9H1uRLgvtZBvmmcM7-tFluarA1qVMe3mNG8gulQ1sMTY-gQPlvLphNblXhOQyyZuHYSlWUeHJ&_nc_zt=28&_nc_ht=scontent-mxp2-1.oculuscdn.com&_nc_gid=Pe2sntUnZE6M34hNpdNjWg&_nc_ss=7f20f&oh=00_Af-4Vi3Vr2Wm-6POcSMus6R83EnjxILE09HaDPI4Wh9Ufg&oe=6A275B23 → 206 (89ms, ?B)
[2026-06-04T12:37:10.340Z] GET https://scontent-mxp2-1.oculuscdn.com/v/t64.7195-25/593868733_1002927862525740_6182275191205308182_n.mp4?_nc_cat=104&ccb=1-7&_nc_sid=b20b63&_nc_ohc=RCJf9SqgbmMQ7kNvwGfnjxg&_nc_oc=AdrdmF4SvIYFJaMKx6xU8kIFgmnhB2WurxHySW5KdjM8Cgri-yfpya7QepR-UwNqN0uXSSkcJlyryRknWx5L74CZ&_nc_zt=28&_nc_ht=scontent-mxp2-1.oculuscdn.com&_nc_gid=Pe2sntUnZE6M34hNpdNjWg&_nc_ss=7f20f&oh=00_Af97xlVwDqwkci2N2FAwiQ4_9hhuDvp1HISE-BFRzw6OiQ&oe=6A272A15 → 206 (99ms, ?B)
[2026-06-04T12:37:10.340Z] GET https://scontent-mxp2-1.oculuscdn.com/v/t64.7195-25/499308103_3397116670427081_6813282884508721100_n.mp4?_nc_cat=110&ccb=1-7&_nc_sid=b20b63&_nc_ohc=a_ZSWIFVoxMQ7kNvwHrlQYG&_nc_oc=AdrbFSHp3dGieBB7_XEgedaqNfEcFbYiYyd7sKP8l4k6RPdFr-mLaQzjsH23rPHUAmFZIXSycixoSfzhrgiqpLRv&_nc_zt=28&_nc_ht=scontent-mxp2-1.oculuscdn.com&_nc_gid=Pe2sntUnZE6M34hNpdNjWg&_nc_ss=7f20f&oh=00_Af80NcL6CHNBjvM-288kcf6-A4--YEfPTPYTW9Z4jbI8fQ&oe=6A274B0A → 206 (99ms, ?B)
[2026-06-04T12:37:10.340Z] GET https://scontent-mxp1-1.oculuscdn.com/v/t64.7195-25/499312068_2042020866751213_491934563077069775_n.mp4?_nc_cat=107&ccb=1-7&_nc_sid=b20b63&_nc_ohc=mYQU6OtLm4UQ7kNvwE3B4vk&_nc_oc=AdqFEIj1ADPovGHc08X7gyqA1gb8xk4uREClhq_UjnMM8G1j7x4yF-e_tM7Md7Fzq5ID46sdGd2ldC-nE3rP0q-s&_nc_zt=28&_nc_ht=scontent-mxp1-1.oculuscdn.com&_nc_gid=Pe2sntUnZE6M34hNpdNjWg&_nc_ss=7f20f&oh=00_Af9CO0IbQpPMRshRdH7ifuREvZ7qRsDpCo1Y68Wo5W19Uw&oe=6A273E50 → 206 (284ms, ?B)
[2026-06-04T12:37:10.341Z] GET https://scontent-mxp2-1.oculuscdn.com/v/t64.7195-25/499314648_4760472087541310_4281432759762334569_n.mp4?_nc_cat=104&ccb=1-7&_nc_sid=b20b63&_nc_ohc=0zCX-xkJK0sQ7kNvwF9ySPG&_nc_oc=Adq0nSOCLc0F0Y2c1lILEXBI2Pao-jbtU7ehl7fRvvbaVVsD02Llea7WmdU4PKB_8R815cwOyCLhZjspbLr-3fV6&_nc_zt=28&_nc_ht=scontent-mxp2-1.oculuscdn.com&_nc_gid=Pe2sntUnZE6M34hNpdNjWg&_nc_ss=7f20f&oh=00_Af8TAgU_KnDm1bTtHmNnFlyyHBm9155IJbAWPH_tRNkHJw&oe=6A273B0D → 206 (168ms, ?B)
[2026-06-04T12:37:10.341Z] GET https://scontent-mxp1-1.oculuscdn.com/v/t64.7195-25/507883434_1017237127660630_1425881733152456226_n.mp4?_nc_cat=102&ccb=1-7&_nc_sid=b20b63&_nc_ohc=T7NMQNMB7_8Q7kNvwGvsyOE&_nc_oc=AdrZP9k-GgT_fwY-D9YVea_Wtq9GOpwRYFjWz7PqJ-X-Hgkd8b9_fnHR94xDudI5YutU5fCc9_MokqOPLGUsmGEO&_nc_zt=28&_nc_ht=scontent-mxp1-1.oculuscdn.com&_nc_gid=Pe2sntUnZE6M34hNpdNjWg&_nc_ss=7f20f&oh=00_Af9lf4ETKC7B_4jgbExiHsLW6TpAhy-8rPfgpZAwh5WOUQ&oe=6A275D06 → 206 (104ms, ?B)
[2026-06-04T12:37:10.341Z] GET https://scontent-mxp2-1.oculuscdn.com/v/t64.7195-25/499623565_978023678351914_2122598471061504830_n.mp4?_nc_cat=109&ccb=1-7&_nc_sid=b20b63&_nc_ohc=azh1O6IDfHsQ7kNvwGPW1eJ&_nc_oc=Adr1Gcq1O7TM7oWU5ulN7HyDA_8D0sZDCCvj_TADssF3rNl-a_J2u7mUlEXtB2kPXP9G4bk8jKOmeNdCtgiSqBoc&_nc_zt=28&_nc_ht=scontent-mxp2-1.oculuscdn.com&_nc_gid=Pe2sntUnZE6M34hNpdNjWg&_nc_ss=7f20f&oh=00_Af-z5Thr5V7oasJXq9zrDjrZ-WG3QBYoSftpWz-ZJBV2og&oe=6A272901 → 206 (67ms, ?B)
[2026-06-04T12:37:10.341Z] GET https://scontent-mxp2-1.oculuscdn.com/v/t64.7195-25/491822845_986666510496260_7095169034592922896_n.mp4?_nc_cat=104&ccb=1-7&_nc_sid=b20b63&_nc_ohc=uYuUbkRrZGoQ7kNvwE-Uddy&_nc_oc=AdpXaG0Y56DpbMyCzCfGzpStGYEpAKFz3ik6SGNFN4U_ntdi9gtkDyiTsl8D045eTlAFjDcAmV8vmqukkR2QsCVY&_nc_zt=28&_nc_ht=scontent-mxp2-1.oculuscdn.com&_nc_gid=Pe2sntUnZE6M34hNpdNjWg&_nc_ss=7f20f&oh=00_Af__JxKUd_GNfqJwljLGQdIIwP_jBEpM1ZWafuDdKTmK0g&oe=6A273801 → 206 (67ms, ?B)
[2026-06-04T12:37:10.341Z] GET https://scontent-mxp2-1.oculuscdn.com/v/t64.7195-25/499620599_949859417878743_9076793008591264492_n.mp4?_nc_cat=105&ccb=1-7&_nc_sid=b20b63&_nc_ohc=K8_YVAAr2REQ7kNvwGvPohw&_nc_oc=Ado81f_8xV9XfCI9H1uRLgvtZBvmmcM7-tFluarA1qVMe3mNG8gulQ1sMTY-gQPlvLphNblXhOQyyZuHYSlWUeHJ&_nc_zt=28&_nc_ht=scontent-mxp2-1.oculuscdn.com&_nc_gid=Pe2sntUnZE6M34hNpdNjWg&_nc_ss=7f20f&oh=00_Af-4Vi3Vr2Wm-6POcSMus6R83EnjxILE09HaDPI4Wh9Ufg&oe=6A275B23 → 206 (67ms, ?B)
[2026-06-04T12:37:10.341Z] GET https://scontent-mxp2-1.oculuscdn.com/v/t64.7195-25/593868733_1002927862525740_6182275191205308182_n.mp4?_nc_cat=104&ccb=1-7&_nc_sid=b20b63&_nc_ohc=RCJf9SqgbmMQ7kNvwGfnjxg&_nc_oc=AdrdmF4SvIYFJaMKx6xU8kIFgmnhB2WurxHySW5KdjM8Cgri-yfpya7QepR-UwNqN0uXSSkcJlyryRknWx5L74CZ&_nc_zt=28&_nc_ht=scontent-mxp2-1.oculuscdn.com&_nc_gid=Pe2sntUnZE6M34hNpdNjWg&_nc_ss=7f20f&oh=00_Af97xlVwDqwkci2N2FAwiQ4_9hhuDvp1HISE-BFRzw6OiQ&oe=6A272A15 → 206 (98ms, ?B)
[2026-06-04T12:37:10.341Z] GET https://scontent-mxp2-1.oculuscdn.com/v/t64.7195-25/499308103_3397116670427081_6813282884508721100_n.mp4?_nc_cat=110&ccb=1-7&_nc_sid=b20b63&_nc_ohc=a_ZSWIFVoxMQ7kNvwHrlQYG&_nc_oc=AdrbFSHp3dGieBB7_XEgedaqNfEcFbYiYyd7sKP8l4k6RPdFr-mLaQzjsH23rPHUAmFZIXSycixoSfzhrgiqpLRv&_nc_zt=28&_nc_ht=scontent-mxp2-1.oculuscdn.com&_nc_gid=Pe2sntUnZE6M34hNpdNjWg&_nc_ss=7f20f&oh=00_Af80NcL6CHNBjvM-288kcf6-A4--YEfPTPYTW9Z4jbI8fQ&oe=6A274B0A → 206 (98ms, ?B)
[2026-06-04T12:37:10.342Z] GET https://scontent-mxp1-1.oculuscdn.com/v/t64.7195-25/499312068_2042020866751213_491934563077069775_n.mp4?_nc_cat=107&ccb=1-7&_nc_sid=b20b63&_nc_ohc=mYQU6OtLm4UQ7kNvwE3B4vk&_nc_oc=AdqFEIj1ADPovGHc08X7gyqA1gb8xk4uREClhq_UjnMM8G1j7x4yF-e_tM7Md7Fzq5ID46sdGd2ldC-nE3rP0q-s&_nc_zt=28&_nc_ht=scontent-mxp1-1.oculuscdn.com&_nc_gid=Pe2sntUnZE6M34hNpdNjWg&_nc_ss=7f20f&oh=00_Af9CO0IbQpPMRshRdH7ifuREvZ7qRsDpCo1Y68Wo5W19Uw&oe=6A273E50 → 206 (276ms, ?B)
[2026-06-04T12:37:10.342Z] GET https://scontent-mxp2-1.oculuscdn.com/v/t64.7195-25/499314648_4760472087541310_4281432759762334569_n.mp4?_nc_cat=104&ccb=1-7&_nc_sid=b20b63&_nc_ohc=0zCX-xkJK0sQ7kNvwF9ySPG&_nc_oc=Adq0nSOCLc0F0Y2c1lILEXBI2Pao-jbtU7ehl7fRvvbaVVsD02Llea7WmdU4PKB_8R815cwOyCLhZjspbLr-3fV6&_nc_zt=28&_nc_ht=scontent-mxp2-1.oculuscdn.com&_nc_gid=Pe2sntUnZE6M34hNpdNjWg&_nc_ss=7f20f&oh=00_Af8TAgU_KnDm1bTtHmNnFlyyHBm9155IJbAWPH_tRNkHJw&oe=6A273B0D → 206 (164ms, ?B)
[2026-06-04T12:37:10.342Z] GET https://scontent-mxp1-1.oculuscdn.com/v/t64.7195-25/507883434_1017237127660630_1425881733152456226_n.mp4?_nc_cat=102&ccb=1-7&_nc_sid=b20b63&_nc_ohc=T7NMQNMB7_8Q7kNvwGvsyOE&_nc_oc=AdrZP9k-GgT_fwY-D9YVea_Wtq9GOpwRYFjWz7PqJ-X-Hgkd8b9_fnHR94xDudI5YutU5fCc9_MokqOPLGUsmGEO&_nc_zt=28&_nc_ht=scontent-mxp1-1.oculuscdn.com&_nc_gid=Pe2sntUnZE6M34hNpdNjWg&_nc_ss=7f20f&oh=00_Af9lf4ETKC7B_4jgbExiHsLW6TpAhy-8rPfgpZAwh5WOUQ&oe=6A275D06 → 206 (101ms, ?B)
[2026-06-04T12:37:10.343Z] GET https://scontent-mxp2-1.oculuscdn.com/v/t64.7195-25/499623565_978023678351914_2122598471061504830_n.mp4?_nc_cat=109&ccb=1-7&_nc_sid=b20b63&_nc_ohc=azh1O6IDfHsQ7kNvwGPW1eJ&_nc_oc=Adr1Gcq1O7TM7oWU5ulN7HyDA_8D0sZDCCvj_TADssF3rNl-a_J2u7mUlEXtB2kPXP9G4bk8jKOmeNdCtgiSqBoc&_nc_zt=28&_nc_ht=scontent-mxp2-1.oculuscdn.com&_nc_gid=Pe2sntUnZE6M34hNpdNjWg&_nc_ss=7f20f&oh=00_Af-z5Thr5V7oasJXq9zrDjrZ-WG3QBYoSftpWz-ZJBV2og&oe=6A272901 → 206 (51ms, ?B)
[2026-06-04T12:37:10.344Z] GET https://scontent-mxp2-1.oculuscdn.com/v/t64.7195-25/491822845_986666510496260_7095169034592922896_n.mp4?_nc_cat=104&ccb=1-7&_nc_sid=b20b63&_nc_ohc=uYuUbkRrZGoQ7kNvwE-Uddy&_nc_oc=AdpXaG0Y56DpbMyCzCfGzpStGYEpAKFz3ik6SGNFN4U_ntdi9gtkDyiTsl8D045eTlAFjDcAmV8vmqukkR2QsCVY&_nc_zt=28&_nc_ht=scontent-mxp2-1.oculuscdn.com&_nc_gid=Pe2sntUnZE6M34hNpdNjWg&_nc_ss=7f20f&oh=00_Af__JxKUd_GNfqJwljLGQdIIwP_jBEpM1ZWafuDdKTmK0g&oe=6A273801 → 206 (51ms, ?B)
[2026-06-04T12:37:10.344Z] GET https://scontent-mxp2-1.oculuscdn.com/v/t64.7195-25/499620599_949859417878743_9076793008591264492_n.mp4?_nc_cat=105&ccb=1-7&_nc_sid=b20b63&_nc_ohc=K8_YVAAr2REQ7kNvwGvPohw&_nc_oc=Ado81f_8xV9XfCI9H1uRLgvtZBvmmcM7-tFluarA1qVMe3mNG8gulQ1sMTY-gQPlvLphNblXhOQyyZuHYSlWUeHJ&_nc_zt=28&_nc_ht=scontent-mxp2-1.oculuscdn.com&_nc_gid=Pe2sntUnZE6M34hNpdNjWg&_nc_ss=7f20f&oh=00_Af-4Vi3Vr2Wm-6POcSMus6R83EnjxILE09HaDPI4Wh9Ufg&oe=6A275B23 → 206 (50ms, ?B)
[2026-06-04T12:37:10.344Z] GET https://scontent-mxp2-1.oculuscdn.com/v/t64.7195-25/593868733_1002927862525740_6182275191205308182_n.mp4?_nc_cat=104&ccb=1-7&_nc_sid=b20b63&_nc_ohc=RCJf9SqgbmMQ7kNvwGfnjxg&_nc_oc=AdrdmF4SvIYFJaMKx6xU8kIFgmnhB2WurxHySW5KdjM8Cgri-yfpya7QepR-UwNqN0uXSSkcJlyryRknWx5L74CZ&_nc_zt=28&_nc_ht=scontent-mxp2-1.oculuscdn.com&_nc_gid=Pe2sntUnZE6M34hNpdNjWg&_nc_ss=7f20f&oh=00_Af97xlVwDqwkci2N2FAwiQ4_9hhuDvp1HISE-BFRzw6OiQ&oe=6A272A15 → 206 (55ms, ?B)
[2026-06-04T12:37:10.344Z] GET https://scontent-mxp2-1.oculuscdn.com/v/t64.7195-25/499308103_3397116670427081_6813282884508721100_n.mp4?_nc_cat=110&ccb=1-7&_nc_sid=b20b63&_nc_ohc=a_ZSWIFVoxMQ7kNvwHrlQYG&_nc_oc=AdrbFSHp3dGieBB7_XEgedaqNfEcFbYiYyd7sKP8l4k6RPdFr-mLaQzjsH23rPHUAmFZIXSycixoSfzhrgiqpLRv&_nc_zt=28&_nc_ht=scontent-mxp2-1.oculuscdn.com&_nc_gid=Pe2sntUnZE6M34hNpdNjWg&_nc_ss=7f20f&oh=00_Af80NcL6CHNBjvM-288kcf6-A4--YEfPTPYTW9Z4jbI8fQ&oe=6A274B0A → 206 (55ms, ?B)
[2026-06-04T12:37:10.344Z] GET https://scontent-mxp1-1.oculuscdn.com/v/t64.7195-25/499312068_2042020866751213_491934563077069775_n.mp4?_nc_cat=107&ccb=1-7&_nc_sid=b20b63&_nc_ohc=mYQU6OtLm4UQ7kNvwE3B4vk&_nc_oc=AdqFEIj1ADPovGHc08X7gyqA1gb8xk4uREClhq_UjnMM8G1j7x4yF-e_tM7Md7Fzq5ID46sdGd2ldC-nE3rP0q-s&_nc_zt=28&_nc_ht=scontent-mxp1-1.oculuscdn.com&_nc_gid=Pe2sntUnZE6M34hNpdNjWg&_nc_ss=7f20f&oh=00_Af9CO0IbQpPMRshRdH7ifuREvZ7qRsDpCo1Y68Wo5W19Uw&oe=6A273E50 → 206 (272ms, ?B)
[2026-06-04T12:37:10.344Z] GET https://scontent-mxp2-1.oculuscdn.com/v/t64.7195-25/499314648_4760472087541310_4281432759762334569_n.mp4?_nc_cat=104&ccb=1-7&_nc_sid=b20b63&_nc_ohc=0zCX-xkJK0sQ7kNvwF9ySPG&_nc_oc=Adq0nSOCLc0F0Y2c1lILEXBI2Pao-jbtU7ehl7fRvvbaVVsD02Llea7WmdU4PKB_8R815cwOyCLhZjspbLr-3fV6&_nc_zt=28&_nc_ht=scontent-mxp2-1.oculuscdn.com&_nc_gid=Pe2sntUnZE6M34hNpdNjWg&_nc_ss=7f20f&oh=00_Af8TAgU_KnDm1bTtHmNnFlyyHBm9155IJbAWPH_tRNkHJw&oe=6A273B0D → 206 (150ms, ?B)
[2026-06-04T12:37:10.344Z] GET https://scontent-mxp1-1.oculuscdn.com/v/t64.7195-25/507883434_1017237127660630_1425881733152456226_n.mp4?_nc_cat=102&ccb=1-7&_nc_sid=b20b63&_nc_ohc=T7NMQNMB7_8Q7kNvwGvsyOE&_nc_oc=AdrZP9k-GgT_fwY-D9YVea_Wtq9GOpwRYFjWz7PqJ-X-Hgkd8b9_fnHR94xDudI5YutU5fCc9_MokqOPLGUsmGEO&_nc_zt=28&_nc_ht=scontent-mxp1-1.oculuscdn.com&_nc_gid=Pe2sntUnZE6M34hNpdNjWg&_nc_ss=7f20f&oh=00_Af9lf4ETKC7B_4jgbExiHsLW6TpAhy-8rPfgpZAwh5WOUQ&oe=6A275D06 → 206 (95ms, ?B)
[2026-06-04T12:37:10.344Z] GET https://scontent-mxp2-1.oculuscdn.com/v/t64.7195-25/499623565_978023678351914_2122598471061504830_n.mp4?_nc_cat=109&ccb=1-7&_nc_sid=b20b63&_nc_ohc=azh1O6IDfHsQ7kNvwGPW1eJ&_nc_oc=Adr1Gcq1O7TM7oWU5ulN7HyDA_8D0sZDCCvj_TADssF3rNl-a_J2u7mUlEXtB2kPXP9G4bk8jKOmeNdCtgiSqBoc&_nc_zt=28&_nc_ht=scontent-mxp2-1.oculuscdn.com&_nc_gid=Pe2sntUnZE6M34hNpdNjWg&_nc_ss=7f20f&oh=00_Af-z5Thr5V7oasJXq9zrDjrZ-WG3QBYoSftpWz-ZJBV2og&oe=6A272901 → 206 (31ms, ?B)
[2026-06-04T12:37:10.344Z] GET https://scontent-mxp2-1.oculuscdn.com/v/t64.7195-25/491822845_986666510496260_7095169034592922896_n.mp4?_nc_cat=104&ccb=1-7&_nc_sid=b20b63&_nc_ohc=uYuUbkRrZGoQ7kNvwE-Uddy&_nc_oc=AdpXaG0Y56DpbMyCzCfGzpStGYEpAKFz3ik6SGNFN4U_ntdi9gtkDyiTsl8D045eTlAFjDcAmV8vmqukkR2QsCVY&_nc_zt=28&_nc_ht=scontent-mxp2-1.oculuscdn.com&_nc_gid=Pe2sntUnZE6M34hNpdNjWg&_nc_ss=7f20f&oh=00_Af__JxKUd_GNfqJwljLGQdIIwP_jBEpM1ZWafuDdKTmK0g&oe=6A273801 → 206 (32ms, ?B)
[2026-06-04T12:37:10.344Z] GET https://scontent-mxp2-1.oculuscdn.com/v/t64.7195-25/499620599_949859417878743_9076793008591264492_n.mp4?_nc_cat=105&ccb=1-7&_nc_sid=b20b63&_nc_ohc=K8_YVAAr2REQ7kNvwGvPohw&_nc_oc=Ado81f_8xV9XfCI9H1uRLgvtZBvmmcM7-tFluarA1qVMe3mNG8gulQ1sMTY-gQPlvLphNblXhOQyyZuHYSlWUeHJ&_nc_zt=28&_nc_ht=scontent-mxp2-1.oculuscdn.com&_nc_gid=Pe2sntUnZE6M34hNpdNjWg&_nc_ss=7f20f&oh=00_Af-4Vi3Vr2Wm-6POcSMus6R83EnjxILE09HaDPI4Wh9Ufg&oe=6A275B23 → 206 (32ms, ?B)
[2026-06-04T12:37:10.344Z] GET https://scontent-mxp2-1.oculuscdn.com/v/t64.7195-25/593868733_1002927862525740_6182275191205308182_n.mp4?_nc_cat=104&ccb=1-7&_nc_sid=b20b63&_nc_ohc=RCJf9SqgbmMQ7kNvwGfnjxg&_nc_oc=AdrdmF4SvIYFJaMKx6xU8kIFgmnhB2WurxHySW5KdjM8Cgri-yfpya7QepR-UwNqN0uXSSkcJlyryRknWx5L74CZ&_nc_zt=28&_nc_ht=scontent-mxp2-1.oculuscdn.com&_nc_gid=Pe2sntUnZE6M34hNpdNjWg&_nc_ss=7f20f&oh=00_Af97xlVwDqwkci2N2FAwiQ4_9hhuDvp1HISE-BFRzw6OiQ&oe=6A272A15 → 206 (32ms, ?B)
[2026-06-04T12:37:10.344Z] GET https://scontent-mxp2-1.oculuscdn.com/v/t64.7195-25/499308103_3397116670427081_6813282884508721100_n.mp4?_nc_cat=110&ccb=1-7&_nc_sid=b20b63&_nc_ohc=a_ZSWIFVoxMQ7kNvwHrlQYG&_nc_oc=AdrbFSHp3dGieBB7_XEgedaqNfEcFbYiYyd7sKP8l4k6RPdFr-mLaQzjsH23rPHUAmFZIXSycixoSfzhrgiqpLRv&_nc_zt=28&_nc_ht=scontent-mxp2-1.oculuscdn.com&_nc_gid=Pe2sntUnZE6M34hNpdNjWg&_nc_ss=7f20f&oh=00_Af80NcL6CHNBjvM-288kcf6-A4--YEfPTPYTW9Z4jbI8fQ&oe=6A274B0A → 206 (33ms, ?B)
[2026-06-04T12:37:10.344Z] GET https://scontent-mxp1-1.oculuscdn.com/v/t64.7195-25/499312068_2042020866751213_491934563077069775_n.mp4?_nc_cat=107&ccb=1-7&_nc_sid=b20b63&_nc_ohc=mYQU6OtLm4UQ7kNvwE3B4vk&_nc_oc=AdqFEIj1ADPovGHc08X7gyqA1gb8xk4uREClhq_UjnMM8G1j7x4yF-e_tM7Md7Fzq5ID46sdGd2ldC-nE3rP0q-s&_nc_zt=28&_nc_ht=scontent-mxp1-1.oculuscdn.com&_nc_gid=Pe2sntUnZE6M34hNpdNjWg&_nc_ss=7f20f&oh=00_Af9CO0IbQpPMRshRdH7ifuREvZ7qRsDpCo1Y68Wo5W19Uw&oe=6A273E50 → 206 (225ms, ?B)
[2026-06-04T12:37:10.344Z] GET https://scontent-mxp2-1.oculuscdn.com/v/t64.7195-25/499314648_4760472087541310_4281432759762334569_n.mp4?_nc_cat=104&ccb=1-7&_nc_sid=b20b63&_nc_ohc=0zCX-xkJK0sQ7kNvwF9ySPG&_nc_oc=Adq0nSOCLc0F0Y2c1lILEXBI2Pao-jbtU7ehl7fRvvbaVVsD02Llea7WmdU4PKB_8R815cwOyCLhZjspbLr-3fV6&_nc_zt=28&_nc_ht=scontent-mxp2-1.oculuscdn.com&_nc_gid=Pe2sntUnZE6M34hNpdNjWg&_nc_ss=7f20f&oh=00_Af8TAgU_KnDm1bTtHmNnFlyyHBm9155IJbAWPH_tRNkHJw&oe=6A273B0D → 206 (78ms, ?B)
[2026-06-04T12:37:10.344Z] GET https://scontent-mxp1-1.oculuscdn.com/v/t64.7195-25/507883434_1017237127660630_1425881733152456226_n.mp4?_nc_cat=102&ccb=1-7&_nc_sid=b20b63&_nc_ohc=T7NMQNMB7_8Q7kNvwGvsyOE&_nc_oc=AdrZP9k-GgT_fwY-D9YVea_Wtq9GOpwRYFjWz7PqJ-X-Hgkd8b9_fnHR94xDudI5YutU5fCc9_MokqOPLGUsmGEO&_nc_zt=28&_nc_ht=scontent-mxp1-1.oculuscdn.com&_nc_gid=Pe2sntUnZE6M34hNpdNjWg&_nc_ss=7f20f&oh=00_Af9lf4ETKC7B_4jgbExiHsLW6TpAhy-8rPfgpZAwh5WOUQ&oe=6A275D06 → 206 (51ms, ?B)
[2026-06-04T12:37:10.377Z] GET https://scontent-mxp1-1.oculuscdn.com/v/t64.7195-25/499299845_3996788050455825_38644059419208875_n.mp4?_nc_cat=106&ccb=1-7&_nc_sid=b20b63&_nc_ohc=STGt1fzJXN0Q7kNvwHTLrq8&_nc_oc=Adqv-3aY99Rr9wA-FIHDDo3uto38ayhwd68KlRjwcy_YXGd_xWeBd_rFeEUssmzK5cSoLII4WQ4iPzylw2TQ8zxD&_nc_zt=28&_nc_ht=scontent-mxp1-1.oculuscdn.com&_nc_gid=Pe2sntUnZE6M34hNpdNjWg&_nc_ss=7f20f&oh=00_Af904Zm0skeAzxThJySg3bLvwmMCupPULp7h1fbgm8xTlg&oe=6A275C02 → 206 (146ms, ?B)
[2026-06-04T12:37:10.414Z] POST https://www.meta.com/ocapi/graphql?forced_locale=en_GB → pending (?ms, ?B)
[2026-06-04T12:37:10.415Z] POST https://www.meta.com/ajax/bulk-route-definitions/ → pending (?ms, ?B)
[2026-06-04T12:37:10.429Z] GET https://scontent-mxp2-1.oculuscdn.com/v/t64.5771-25/491825345_1556951352076413_1980181211270391838_n.webp?stp=dst-webp_s750x750&_nc_cat=101&ccb=1-7&_nc_sid=6e7a0a&_nc_ohc=LpFcHxtR1IEQ7kNvwGWIbZ7&_nc_oc=AdoMzbcvTbW9GU6QxRRuMykYHsWr9jslijFf5jv6YyIssCsEH_XIpxX0k_osbLPso2SQAzspTEBv4yxoYCPFja8X&_nc_zt=3&_nc_ht=scontent-mxp2-1.oculuscdn.com&_nc_ss=7f20f&oh=00_Af82RfvhWQhl92aNTELK-nO8IWPa2aX5pK2Gw-CsJy0AWQ&oe=6A273BEC → 200 (52ms, 34990B)
[2026-06-04T12:37:10.429Z] GET https://scontent-mxp2-1.oculuscdn.com/v/t64.5771-25/499308699_1084175760538295_2888514927477499547_n.webp?stp=dst-webp_s750x750&_nc_cat=111&ccb=1-7&_nc_sid=6e7a0a&_nc_ohc=vzSsjqiliZgQ7kNvwH9QA_x&_nc_oc=AdqUkzAs6jbUDTSlfqKXAEHciJZdQNBuvXH3Ml1ZK7pBWzXwqntr0NYbhfwYGotV-x2-bRdCoDfgXo6coPqAg1tN&_nc_zt=3&_nc_ht=scontent-mxp2-1.oculuscdn.com&_nc_ss=7f20f&oh=00_Af8-sto8zQhPd21d8EAwVVCea31I_OhAmscKvFqX0sozOQ&oe=6A276029 → 200 (92ms, 13684B)
[2026-06-04T12:37:10.437Z] POST https://www.meta.com/ajax/bulk-route-definitions/ → pending (?ms, ?B)
[2026-06-04T12:37:10.437Z] POST https://www.meta.com/ajax/bulk-route-definitions/ → pending (?ms, ?B)
[2026-06-04T12:37:10.511Z] POST https://www.meta.com/ajax/bulk-route-definitions/ → pending (?ms, ?B)
[2026-06-04T12:37:10.618Z] POST https://www.meta.com/ajax/bulk-route-definitions/ → pending (?ms, ?B)
[2026-06-04T12:37:10.757Z] POST https://www.meta.com/api/graphql/ → pending (?ms, ?B)
[2026-06-04T12:37:10.884Z] GET https://static.xx.fbcdn.net/rsrc.php/v4/yt/r/DYedTaVEvem.js → 200 (7ms, 1412B)
[2026-06-04T12:37:10.938Z] GET https://static.xx.fbcdn.net/rsrc.php/v4i_qN4/yK/l/en_GB-j/l8DnwsKwB17GKU4lvpjmBBPa7W80vsaXPmYCO7prHorrmh5i7cFJ-OIBsDaBxPCqdne_RL55HV3tRGaXB7t6v-_g6EdNgvGLZpoJfY7P99xC_KLHDhvlp0Nf0.js → 200 (25ms, 102508B)
[2026-06-04T12:37:10.938Z] GET https://static.xx.fbcdn.net/rsrc.php/v4iCzw4/yz/l/en_GB-j/KQlffYFqTOE.js → 200 (25ms, 83670B)
[2026-06-04T12:37:10.938Z] GET https://static.xx.fbcdn.net/rsrc.php/v4/yo/r/xTpwsDoslT6.js → 200 (25ms, 31423B)
[2026-06-04T12:37:10.938Z] GET https://static.xx.fbcdn.net/rsrc.php/v4io4Q4/yQ/l/en_GB-j/6kV9ebemThf.js → 200 (43ms, 554162B)
[2026-06-04T12:37:10.938Z] GET https://static.xx.fbcdn.net/rsrc.php/v4ik1t4/yk/l/en_GB-j/oDk8uuOn856.js → 200 (33ms, 65845B)
[2026-06-04T12:37:10.938Z] GET https://static.xx.fbcdn.net/rsrc.php/v4/y0/r/t_ftukT3obP.js → 200 (33ms, 32162B)
[2026-06-04T12:37:10.939Z] GET https://static.xx.fbcdn.net/rsrc.php/v4ihBo4/yb/l/en_GB-j/2vkNzrptAIZ.js → 200 (35ms, 102937B)
[2026-06-04T12:37:10.939Z] GET https://static.xx.fbcdn.net/rsrc.php/v4igve4/yr/l/en_GB-j/suK9mbKECk2.js → 200 (52ms, 717470B)
[2026-06-04T12:37:10.961Z] GET https://static.xx.fbcdn.net/rsrc.php/v4/y3/r/0GYcVLeFe94.js → 200 (20ms, 2152B)
[2026-06-04T12:37:10.961Z] GET https://static.xx.fbcdn.net/rsrc.php/v4/yB/r/2ul_Orgud6i.js → 200 (20ms, 5649B)
[2026-06-04T12:37:10.969Z] POST https://www.facebook.com/csp/reporting/?m=c&minimize=0 → pending (?ms, ?B)
[2026-06-04T12:37:10.969Z] GET https://connect.facebook.net/en_US/fbevents.js → pending (?ms, ?B)
[2026-06-04T12:37:10.979Z] POST https://www.meta.com/api/graphql/ → 200 (53ms, 52333B)
[2026-06-04T12:37:10.991Z] POST https://www.meta.com/a/fl?__a=1&__ccg=EXCELLENT&__comet_req=18&__crn=comet.metadotcom.MDCWwwAppStoreAppPDPV2Route&__hs=20608.HYP%3Adolly_pkg.2.1...0&__hsi=7647518382473479689&__jssesw=1&__req=a&__rev=1040825698&__s=%3A%3A7bjthq&__spin_b=trunk&__spin_r=1040825698&__spin_t=1780576627&__user=0&dpr=2&jazoest=22350&lsd=AdT-2x3t8ONYgTqwfqGwHJQaKqQ&ph=C3 → 200 (197ms, 94B)
[2026-06-04T12:37:11.002Z] GET https://scontent.xx.fbcdn.net/hads-ak-prn2/1487645_6012475414660_1439393861_n.png → 200 (13ms, 79B)
[2026-06-04T12:37:11.035Z] GET https://static.xx.fbcdn.net/rsrc.php/v4/y2/r/Dy49gQymgD8.js → 200 (26ms, 41527B)
[2026-06-04T12:37:11.035Z] GET https://static.xx.fbcdn.net/rsrc.php/v4/yK/r/UNULZyvZyNj.js → 200 (23ms, 185B)
[2026-06-04T12:37:11.035Z] GET https://static.xx.fbcdn.net/rsrc.php/v4/y_/r/bSc5oqnJK6O.js → 200 (25ms, 577B)
[2026-06-04T12:37:11.035Z] GET https://static.xx.fbcdn.net/rsrc.php/v4/y7/r/2wA25uGS11Y.js → 200 (25ms, 13215B)
[2026-06-04T12:37:11.065Z] POST https://www.meta.com/api/graphql/ → 200 (213ms, 744B)
[2026-06-04T12:37:11.153Z] POST https://www.meta.com/ajax/bulk-route-definitions/ → 200 (280ms, 1000B)
[2026-06-04T12:37:11.153Z] POST https://www.meta.com/ajax/bulk-route-definitions/ → 200 (261ms, 224B)
[2026-06-04T12:37:11.153Z] POST https://www.meta.com/ajax/bulk-route-definitions/ → 200 (252ms, 234B)
[2026-06-04T12:37:11.153Z] POST https://www.meta.com/ajax/bulk-route-definitions/ → 200 (127ms, 47473B)
[2026-06-04T12:37:11.505Z] GET https://static.xx.fbcdn.net/rsrc.php/v4/yG/r/X1Ru4T3HM0E.js → 200 (7ms, 5260B)
[2026-06-04T12:37:11.994Z] POST https://www.meta.com/a/fl?__a=1&__ccg=EXCELLENT&__comet_req=18&__crn=comet.metadotcom.MDCWwwAppStoreAppPDPV2Route&__hs=20608.HYP%3Adolly_pkg.2.1...0&__hsi=7647518382473479689&__jssesw=1&__req=g&__rev=1040825698&__s=%3A%3A7bjthq&__spin_b=trunk&__spin_r=1040825698&__spin_t=1780576627&__user=0&dpr=2&jazoest=22350&lsd=AdT-2x3t8ONYgTqwfqGwHJQaKqQ&ph=C3 → 200 (314ms, 94B)
[2026-06-04T12:37:18.120Z] POST https://www.meta.com/a/fl?__a=1&__ccg=EXCELLENT&__comet_req=18&__crn=comet.metadotcom.MDCWwwAppStoreAppPDPV2Route&__hs=20608.HYP%3Adolly_pkg.2.1...0&__hsi=7647518382473479689&__jssesw=1&__req=h&__rev=1040825698&__s=%3A%3A7bjthq&__spin_b=trunk&__spin_r=1040825698&__spin_t=1780576627&__user=0&dpr=2&jazoest=22350&lsd=AdT-2x3t8ONYgTqwfqGwHJQaKqQ&ph=C3 → 200 (224ms, 94B)
[2026-06-04T12:37:35.565Z] GET https://apps.apple.com/us/app/jambl-ai-beat-maker-music-pad/id1439665373 → pending (?ms, ?B)
[2026-06-04T12:37:35.565Z] POST https://www.meta.com/a/fl?__a=1&__ccg=EXCELLENT&__comet_req=18&__crn=comet.metadotcom.MDCWwwAppStoreAppPDPV2Route&__hs=20608.HYP%3Adolly_pkg.2.1...0&__hsi=7647518382473479689&__jssesw=1&__req=i&__rev=1040825698&__s=%3A%3A7bjthq&__spin_b=trunk&__spin_r=1040825698&__spin_t=1780576627&__user=0&dpr=2&jazoest=22350&lsd=AdT-2x3t8ONYgTqwfqGwHJQaKqQ&ph=C3 → pending (?ms, ?B)
[2026-06-04T12:37:35.827Z] GET https://apps.apple.com/assets/index~Bb3LZXOkY0.js → 200 (104ms, 2291961B)
[2026-06-04T12:37:35.827Z] GET https://apps.apple.com/assets/index~ZRD_LOkq7u.css → 200 (19ms, 390167B)
[2026-06-04T12:37:35.950Z] GET https://apps.apple.com/assets/index~C16D7IckKX.js → 200 (97ms, 14607B)
[2026-06-04T12:37:35.950Z] GET https://apps.apple.com/assets/version~BNUm1OH-k3.js → 200 (232ms, 28432B)
[2026-06-04T12:37:35.950Z] GET https://apps.apple.com/assets/mt-metricskit-processor-performance.esm~BhcoJPKz0l.js → 200 (231ms, 19867B)
[2026-06-04T12:37:35.950Z] GET https://apps.apple.com/assets/mt-metricskit-utils-private.esm~B3HgI2FuJl.js → 200 (97ms, 13662B)
[2026-06-04T12:37:35.950Z] GET https://apps.apple.com/assets/ae-client-kit-core.esm~BYz3e1hJ9q.js → 200 (231ms, 2767B)
[2026-06-04T12:37:35.950Z] GET https://apps.apple.com/assets/mt-client-logger-core.esm~DRaGnl5Sic.js → 200 (232ms, 3034B)
[2026-06-04T12:37:35.950Z] GET https://apps.apple.com/assets/mt-metricskit-delegates-web.esm~BgIb_TrsRC.js → 200 (97ms, 27129B)
[2026-06-04T12:37:35.950Z] GET https://apps.apple.com/assets/mt-metricskit-processor-clickstream.esm~DNRSnqntsB.js → 200 (232ms, 47421B)
[2026-06-04T12:37:35.950Z] GET https://apps.apple.com/assets/translations~CfJAYolXMM.js → 200 (139ms, 197144B)
[2026-06-04T12:37:36.156Z] GET https://www.apple.com/wss/fonts?families=SF+Pro,v4%7CSF+Pro+Icons,v1&display=swap → 200 (43ms, 2810B)
[2026-06-04T12:37:36.156Z] GET https://apps.apple.com/assets/icons/sidebar-searchfield-close-on-light.svg → 200 (25ms, 939B)
[2026-06-04T12:37:36.156Z] GET https://apps.apple.com/assets/fonts/locale-switcher/ArabicUIText-Regular-subset.woff2 → 200 (46ms, 9376B)
[2026-06-04T12:37:36.156Z] GET https://apps.apple.com/api/apps/v1/catalog/us/apps/1439665373?platform=web&additionalPlatforms=appletv%2Cipad%2Ciphone%2Cmac%2CrealityDevice%2Cwatch&extend=accessibility%2CaccessibilityDetails%2CageRating%2CbackgroundAssetsInfo%2CbackgroundAssetsInfoWithOptional%2CcustomArtwork%2CcustomDeepLink%2CcustomIconArtwork%2CcustomPromotionalText%2CcustomScreenshotsByType%2CcustomVideoPreviewsByType%2Cdescription%2CexpectedReleaseDateDisplayFormat%2CfileSizeByDevice%2CgameDisplayName%2CiconArtwork%2CinstallSizeByDeviceInBytes%2CmacRequiredCapabilities%2CmedicalDeviceInfo%2CmessagesScreenshots%2CminiGamesDeepLink%2CminimumOSVersion%2Cprivacy%2CprivacyDetails%2CprivacyPolicyUrl%2CremoteControllerRequirement%2CrequirementsByDeviceFamily%2CsupportURLForLanguage%2CsupportedGameCenterFeatures%2CsupportsFunCamera%2CsupportsSharePlay%2CversionHistory%2CwebsiteUrl&extend%5Bapps%5D=distributionKind%2CisVerifiedForAppleSiliconMac&extend%5Bapp-events%5D=description%2CproductArtwork%2CproductVideo&include=alternate-apps%2Capp-bundles%2Ccustomers-also-bought-apps%2Cdeveloper%2Cdeveloper-other-apps%2Cmerchandised-in-apps%2Crelated-editorial-items%2Creviews&include%5Bapps%5D=app-events&views=top-in-app-purchasables&availableIn%5Bapp-events%5D=future&sparseLimit%5Bapps%3Acustomers-also-bought-apps%5D=40&sparseLimit%5Bapps%3Adeveloper-other-apps%5D=40&sparseLimit%5Bapps%3Arelated-editorial-items%5D=40&limit%5Breviews%5D=8&l=en-US → 404 (259ms, 159B)
[2026-06-04T12:37:36.186Z] GET https://apps.apple.com/assets/index~BRTBTu87nN.js → 200 (34ms, 236042B)
[2026-06-04T12:37:36.189Z] GET https://xp.apple.com/config/1/report/xp_amp_appstore_perf → 200 (390ms, 733B)
[2026-06-04T12:37:36.189Z] GET https://xp.apple.com/config/1/report/xp_amp_appstore_unidentified → 200 (383ms, 1042B)
[2026-06-04T12:37:36.424Z] GET https://apps.apple.com/api/apps/v1/editorial/us/collections/1842456901/contents?platform=web&extend%5Beditorial-items%5D=editorialArtwork&extend%5Beditorial-pages%5D=editorialArtwork&sparseLimit%5Bcard-contents%5D=0&previewPlatform=iphone&l=en-US → 200 (155ms, 30068B)
[2026-06-04T12:37:36.588Z] GET https://is1-ssl.mzstatic.com/image/thumb/Features211/v4/78/61/b9/7861b9d5-8999-25f6-303d-08bf6112f2ce/f26de0fd-1ba0-4cbf-8c76-33fb0fbfeb16.png/40x40bb.webp → 200 (42ms, 3526B)
[2026-06-04T12:37:36.588Z] GET https://is1-ssl.mzstatic.com/image/thumb/Features221/v4/dc/5c/56/dc5c5645-7397-d0f8-b36f-ad91054fdb93/c31e44f2-1f97-4f5a-8629-16eaa60cbd5f.png/40x40bb.webp → 200 (41ms, 3710B)
[2026-06-04T12:37:36.588Z] GET https://is1-ssl.mzstatic.com/image/thumb/Features211/v4/20/ca/47/20ca479c-d4ef-49b7-84aa-6afb1018cb08/7998d3a4-33e3-4abd-9f8b-4d50b60a6a7b.png/40x40bb.webp → 200 (40ms, 3758B)
[2026-06-04T12:37:36.588Z] GET https://is1-ssl.mzstatic.com/image/thumb/Features211/v4/8f/12/b1/8f12b11b-6d84-be31-448b-9a1a8e70823d/49f6ac0a-e911-4ec3-babc-69d92f5749a0.png/40x40bb.webp → 200 (41ms, 3742B)
[2026-06-04T12:37:36.588Z] GET https://is1-ssl.mzstatic.com/image/thumb/Features211/v4/6f/ab/1a/6fab1a47-81a1-2602-113f-e858e458d3dc/df14443a-6b5d-4e5a-8301-01aed86e3024.png/40x40bb.webp → 200 (41ms, 3862B)
[2026-06-04T12:37:36.588Z] GET https://is1-ssl.mzstatic.com/image/thumb/Features211/v4/e4/ea/0a/e4ea0a97-9d12-cd3f-c0d2-9e7e34222e6e/aec56635-f46c-4f90-bbae-7f4abf2fc8ec.png/40x40bb.webp → 200 (39ms, 3910B)
[2026-06-04T12:37:36.588Z] GET https://is1-ssl.mzstatic.com/image/thumb/Features211/v4/56/4d/c3/564dc32e-ba9f-2447-4f06-b2a35bc180d3/15bbc0c7-668b-4a40-b331-8465451c5198.png/40x40bb.webp → 200 (40ms, 3776B)
[2026-06-04T12:37:36.590Z] GET https://is1-ssl.mzstatic.com/image/thumb/Features211/v4/4a/b4/95/4ab4951e-bcd2-df10-7c0c-b439c2a026af/31bf5127-cb13-4bcf-b995-5360bd8a9bc0.png/40x40bb.webp → 200 (37ms, 3620B)
[2026-06-04T12:37:36.590Z] GET https://is1-ssl.mzstatic.com/image/thumb/Features211/v4/7c/75/34/7c7534e2-4d79-2c32-f06b-3225f7ee7517/2efd3a78-2b87-4808-a1d0-e018fd628a4e.png/40x40bb.webp → 200 (39ms, 3738B)
[2026-06-04T12:37:40.980Z] GET https://apps.apple.com/app/jambl/id1439665373 → 404 (178ms, 2512B)
[2026-06-04T12:37:41.163Z] POST https://xp.apple.com/report/2/xp_amp_appstore_perf → pending (?ms, ?B)
[2026-06-04T12:37:41.163Z] POST https://xp.apple.com/report/2/xp_amp_appstore_unidentified → pending (?ms, ?B)
[2026-06-04T12:37:41.165Z] GET https://apps.apple.com/assets/index~Bb3LZXOkY0.js → 200 (?ms, 2291961B)
[2026-06-04T12:37:41.165Z] GET https://apps.apple.com/assets/index~ZRD_LOkq7u.css → 200 (?ms, 390167B)
[2026-06-04T12:37:41.171Z] GET https://apps.apple.com/assets/fonts/locale-switcher/ArabicUIText-Regular-subset.woff2 → 200 (?ms, ?B)
[2026-06-04T12:37:41.235Z] GET https://apps.apple.com/assets/index~C16D7IckKX.js → 200 (?ms, 14607B)
[2026-06-04T12:37:41.235Z] GET https://apps.apple.com/assets/version~BNUm1OH-k3.js → 200 (?ms, 28432B)
[2026-06-04T12:37:41.236Z] GET https://apps.apple.com/assets/mt-metricskit-processor-performance.esm~BhcoJPKz0l.js → 200 (?ms, 19867B)
[2026-06-04T12:37:41.236Z] GET https://apps.apple.com/assets/mt-metricskit-utils-private.esm~B3HgI2FuJl.js → 200 (?ms, 13662B)
[2026-06-04T12:37:41.236Z] GET https://apps.apple.com/assets/ae-client-kit-core.esm~BYz3e1hJ9q.js → 200 (?ms, 2767B)
[2026-06-04T12:37:41.236Z] GET https://apps.apple.com/assets/mt-client-logger-core.esm~DRaGnl5Sic.js → 200 (?ms, 3034B)
[2026-06-04T12:37:41.237Z] GET https://apps.apple.com/assets/mt-metricskit-delegates-web.esm~BgIb_TrsRC.js → 200 (?ms, 27129B)
[2026-06-04T12:37:41.237Z] GET https://apps.apple.com/assets/mt-metricskit-processor-clickstream.esm~DNRSnqntsB.js → 200 (?ms, 47421B)
[2026-06-04T12:37:41.237Z] GET https://apps.apple.com/assets/translations~CfJAYolXMM.js → 200 (?ms, 197144B)
[2026-06-04T12:37:41.256Z] GET https://www.apple.com/wss/fonts?families=SF+Pro,v4%7CSF+Pro+Icons,v1&display=swap → 200 (?ms, 2810B)
[2026-06-04T12:37:41.257Z] GET https://apps.apple.com/assets/icons/sidebar-searchfield-close-on-light.svg → 200 (?ms, 939B)
[2026-06-04T12:37:41.257Z] GET https://apps.apple.com/api/apps/v1/catalog/us/apps/1439665373?platform=web&additionalPlatforms=appletv%2Cipad%2Ciphone%2Cmac%2CrealityDevice%2Cwatch&extend=accessibility%2CaccessibilityDetails%2CageRating%2CbackgroundAssetsInfo%2CbackgroundAssetsInfoWithOptional%2CcustomArtwork%2CcustomDeepLink%2CcustomIconArtwork%2CcustomPromotionalText%2CcustomScreenshotsByType%2CcustomVideoPreviewsByType%2Cdescription%2CexpectedReleaseDateDisplayFormat%2CfileSizeByDevice%2CgameDisplayName%2CiconArtwork%2CinstallSizeByDeviceInBytes%2CmacRequiredCapabilities%2CmedicalDeviceInfo%2CmessagesScreenshots%2CminiGamesDeepLink%2CminimumOSVersion%2Cprivacy%2CprivacyDetails%2CprivacyPolicyUrl%2CremoteControllerRequirement%2CrequirementsByDeviceFamily%2CsupportURLForLanguage%2CsupportedGameCenterFeatures%2CsupportsFunCamera%2CsupportsSharePlay%2CversionHistory%2CwebsiteUrl&extend%5Bapps%5D=distributionKind%2CisVerifiedForAppleSiliconMac&extend%5Bapp-events%5D=description%2CproductArtwork%2CproductVideo&include=alternate-apps%2Capp-bundles%2Ccustomers-also-bought-apps%2Cdeveloper%2Cdeveloper-other-apps%2Cmerchandised-in-apps%2Crelated-editorial-items%2Creviews&include%5Bapps%5D=app-events&views=top-in-app-purchasables&availableIn%5Bapp-events%5D=future&sparseLimit%5Bapps%3Acustomers-also-bought-apps%5D=40&sparseLimit%5Bapps%3Adeveloper-other-apps%5D=40&sparseLimit%5Bapps%3Arelated-editorial-items%5D=40&limit%5Breviews%5D=8&l=en-US → 404 (8ms, 159B)
[2026-06-04T12:37:41.262Z] GET https://apps.apple.com/assets/index~BRTBTu87nN.js → 200 (?ms, 236042B)
[2026-06-04T12:37:41.262Z] GET https://xp.apple.com/config/1/report/xp_amp_appstore_perf → 200 (9ms, 733B)
[2026-06-04T12:37:41.263Z] GET https://xp.apple.com/config/1/report/xp_amp_appstore_unidentified → 200 (13ms, 1042B)
[2026-06-04T12:37:41.281Z] GET https://apps.apple.com/api/apps/v1/editorial/us/collections/1842456901/contents?platform=web&extend%5Beditorial-items%5D=editorialArtwork&extend%5Beditorial-pages%5D=editorialArtwork&sparseLimit%5Bcard-contents%5D=0&previewPlatform=iphone&l=en-US → 200 (3ms, 30068B)
[2026-06-04T12:37:41.291Z] GET https://is1-ssl.mzstatic.com/image/thumb/Features211/v4/78/61/b9/7861b9d5-8999-25f6-303d-08bf6112f2ce/f26de0fd-1ba0-4cbf-8c76-33fb0fbfeb16.png/40x40bb.webp → 200 (?ms, 3526B)
[2026-06-04T12:37:41.291Z] GET https://is1-ssl.mzstatic.com/image/thumb/Features221/v4/dc/5c/56/dc5c5645-7397-d0f8-b36f-ad91054fdb93/c31e44f2-1f97-4f5a-8629-16eaa60cbd5f.png/40x40bb.webp → 200 (?ms, 3710B)
[2026-06-04T12:37:41.291Z] GET https://is1-ssl.mzstatic.com/image/thumb/Features211/v4/20/ca/47/20ca479c-d4ef-49b7-84aa-6afb1018cb08/7998d3a4-33e3-4abd-9f8b-4d50b60a6a7b.png/40x40bb.webp → 200 (?ms, 3758B)
[2026-06-04T12:37:41.291Z] GET https://is1-ssl.mzstatic.com/image/thumb/Features211/v4/8f/12/b1/8f12b11b-6d84-be31-448b-9a1a8e70823d/49f6ac0a-e911-4ec3-babc-69d92f5749a0.png/40x40bb.webp → 200 (1ms, 3742B)
[2026-06-04T12:37:41.292Z] GET https://is1-ssl.mzstatic.com/image/thumb/Features211/v4/6f/ab/1a/6fab1a47-81a1-2602-113f-e858e458d3dc/df14443a-6b5d-4e5a-8301-01aed86e3024.png/40x40bb.webp → 200 (?ms, 3862B)
[2026-06-04T12:37:41.292Z] GET https://is1-ssl.mzstatic.com/image/thumb/Features211/v4/e4/ea/0a/e4ea0a97-9d12-cd3f-c0d2-9e7e34222e6e/aec56635-f46c-4f90-bbae-7f4abf2fc8ec.png/40x40bb.webp → 200 (?ms, 3910B)
[2026-06-04T12:37:41.292Z] GET https://is1-ssl.mzstatic.com/image/thumb/Features211/v4/56/4d/c3/564dc32e-ba9f-2447-4f06-b2a35bc180d3/15bbc0c7-668b-4a40-b331-8465451c5198.png/40x40bb.webp → 200 (?ms, 3776B)
[2026-06-04T12:37:41.292Z] GET https://is1-ssl.mzstatic.com/image/thumb/Features211/v4/4a/b4/95/4ab4951e-bcd2-df10-7c0c-b439c2a026af/31bf5127-cb13-4bcf-b995-5360bd8a9bc0.png/40x40bb.webp → 200 (?ms, 3620B)
[2026-06-04T12:37:41.292Z] GET https://is1-ssl.mzstatic.com/image/thumb/Features211/v4/7c/75/34/7c7534e2-4d79-2c32-f06b-3225f7ee7517/2efd3a78-2b87-4808-a1d0-e018fd628a4e.png/40x40bb.webp → 200 (1ms, 3738B)
[2026-06-04T12:37:46.278Z] POST https://xp.apple.com/report/2/xp_amp_appstore_perf → 200 (314ms, 2B)
[2026-06-04T12:37:51.276Z] POST https://xp.apple.com/report/2/xp_amp_appstore_perf → 200 (158ms, 2B)
